// Jest Snapshot v1, https://goo.gl/fbAQLP

exports[`renders correctly 1`] = `
<div
  className="main-container"
>
  <div
    className="result"
  >
    
  </div>
  <button
    className="digit"
    onClick={[Function]}
    type="button"
  >
    0
  </button>
  <button
    className="digit"
    onClick={[Function]}
    type="button"
  >
    1
  </button>
  <button
    className="digit"
    onClick={[Function]}
    type="button"
  >
    2
  </button>
  <button
    className="digit"
    onClick={[Function]}
    type="button"
  >
    3
  </button>
  <button
    className="digit"
    onClick={[Function]}
    type="button"
  >
    4
  </button>
  <button
    className="digit"
    onClick={[Function]}
    type="button"
  >
    5
  </button>
  <button
    className="digit"
    onClick={[Function]}
    type="button"
  >
    6
  </button>
  <button
    className="digit"
    onClick={[Function]}
    type="button"
  >
    7
  </button>
  <button
    className="digit"
    onClick={[Function]}
    type="button"
  >
    8
  </button>
  <button
    className="digit"
    onClick={[Function]}
    type="button"
  >
    9
  </button>
  <button
    className="operator"
    onClick={[Function]}
    type="button"
  >
    +
  </button>
  <button
    className="operator"
    onClick={[Function]}
    type="button"
  >
    -
  </button>
  <button
    className="operator"
    onClick={[Function]}
    type="button"
  >
    *
  </button>
  <button
    className="operator"
    onClick={[Function]}
    type="button"
  >
    /
  </button>
  <button
    className="operator"
    onClick={[Function]}
    type="button"
  >
    =
  </button>
  <button
    className="reset"
    onClick={[Function]}
    type="button"
  >
    RESET
  </button>
</div>
`;
